[dotenv@17.2.3] injecting env (3) from .env -- tip: ?뾺截?backup and recover secrets: https://dotenvx.com/ops
罹먯떆 ?좏겙 ?ъ슜

=== TEST 1: inquire-investor-by-sector ===
FAIL: 404 Request failed with status code 404

=== TEST 2: inquire-daily-indexchartprice ===
OK: 200
output1: {"bstp_nmix_prdy_vrss":"77.36","prdy_vrss_sign":"2","bstp_nmix_prdy_ctrt":"1.40","prdy_nmix":"5532.59","acml_vol":"1041464","acml_tr_pbmn":"26309762","hts_kor_isnm":"醫낇빀","bstp_nmix_prpr":"5609.95","bstp_cls_code":"0001","prdy_vol":"923210","bstp_nmix_oprc":"5658.72","bstp_nmix_hgpr":"5746.36","bstp_
output2 嫄댁닔: 7

=== TEST 3: investor-trend-by-sector ===
FAIL: 404 Request failed with status code 404

=== TEST 4: inquire-index-price ===
OK: 200
?곗씠?? {"bstp_nmix_prpr":"5609.95","bstp_nmix_prdy_vrss":"77.36","prdy_vrss_sign":"2","bstp_nmix_prdy_ctrt":"1.40","acml_vol":"1041464","prdy_vol":"923210","acml_tr_pbmn":"26309762","prdy_tr_pbmn":"28713303","bstp_nmix_oprc":"5658.72","prdy_nmix_vrss_nmix_oprc":"126.13","oprc_vrss_prpr_sign":"2","bstp_nmix

=== TEST 5: inquire-index-daily-price ===
OK: 200
